
=== BIZSTASH SYNC ENGINE 5.0 ===
[2026-02-10 21:05:43] [INFO] Data Directory: C:\Projects\Bizstash\tally_data\xml\SBEM_Malkangiri

=== PRE-SYNC DASHBOARD ===
[2026-02-10 21:05:45] [INFO] Fetching Masters (Groups & Ledgers)...
[2026-02-10 21:05:46] [SUCCESS] Fetched Masters successfully.
[2026-02-10 21:05:46] [INFO] Fetching Profit & Loss Report...
[2026-02-10 21:05:47] [SUCCESS] Fetched Profit & Loss successfully.

=== PHASE 1: FETCH DATA ===
[2026-02-10 21:05:47] [INFO] Force Fetching all vouchers to capture any modifications...
[2026-02-10 21:05:47] [INFO] Fetching ALL vouchers from Tally (single request)...
[2026-02-10 21:05:55] [SUCCESS] Fetched 30.7 MB in 8.1s → vouchers.xml

=== PHASE 2: PROCESS ===
[2026-02-10 21:05:55] [INFO] Processing data for SBEM_Malkangiri...
[2026-02-10 21:05:55] [INFO] Parsed 700 Ledgers, 39 Groups.
[2026-02-10 21:05:55] [INFO] Parsing vouchers.xml...
[2026-02-10 21:05:55] [INFO] Loaded 30.7 MB. Parsing XML...
[2026-02-10 21:05:57] [INFO] Parsed 3,969 vouchers in 1.7s.
[2026-02-10 21:05:57] [ERROR] Failed to parse vouchers.xml
[stacktrace] TypeError: Cannot read properties of undefined (reading 'push')
    at C:\Projects\Bizstash\sync\DataProcessor.js:352:41
    at Array.forEach (<anonymous>)
    at C:\Projects\Bizstash\sync\DataProcessor.js:346:28
    at Array.forEach (<anonymous>)
    at DataProcessor._analyzeVouchers (C:\Projects\Bizstash\sync\DataProcessor.js:251:18)
    at DataProcessor._parseVouchers (C:\Projects\Bizstash\sync\DataProcessor.js:223:25)
    at async DataProcessor.process (C:\Projects\Bizstash\sync\DataProcessor.js:29:26)
    at async SyncEngine.run (C:\Projects\Bizstash\sync\SyncEngine.js:31:13)
    at async main (C:\Projects\Bizstash\sync\index.js:27:21)
[2026-02-10 21:05:57] [SUCCESS] Data saved to C:\Projects\Bizstash\dashboard\public\data\SBEM_Malkangiri\data.json
[2026-02-10 21:05:57] [SUCCESS] Data Processing Complete.

=== SYNC COMPLETE ✅ ===

=== BIZSTASH SYNC ENGINE 5.0 ===
[2026-02-10 21:06:02] [INFO] Data Directory: C:\Projects\Bizstash\tally_data\xml\SBEM_Malkangiri

=== PRE-SYNC DASHBOARD ===
[2026-02-10 21:06:05] [INFO] Fetching Masters (Groups & Ledgers)...
[2026-02-10 21:06:06] [SUCCESS] Fetched Masters successfully.
[2026-02-10 21:06:06] [INFO] Fetching Profit & Loss Report...
[2026-02-10 21:06:06] [SUCCESS] Fetched Profit & Loss successfully.

=== PHASE 1: FETCH DATA ===
[2026-02-10 21:06:06] [INFO] Force Fetching all vouchers to capture any modifications...
[2026-02-10 21:06:06] [INFO] Fetching ALL vouchers from Tally (single request)...
[2026-02-10 21:06:15] [SUCCESS] Fetched 30.7 MB in 8.5s → vouchers.xml

=== PHASE 2: PROCESS ===
[2026-02-10 21:06:15] [INFO] Processing data for SBEM_Malkangiri...
[2026-02-10 21:06:15] [INFO] Parsed 700 Ledgers, 39 Groups.
[2026-02-10 21:06:15] [INFO] Parsing vouchers.xml...
[2026-02-10 21:06:15] [INFO] Loaded 30.7 MB. Parsing XML...
[2026-02-10 21:06:17] [INFO] Parsed 3,969 vouchers in 2.2s.
[2026-02-10 21:06:17] [ERROR] Failed to parse vouchers.xml
[stacktrace] TypeError: Cannot read properties of undefined (reading 'push')
    at C:\Projects\Bizstash\sync\DataProcessor.js:352:41
    at Array.forEach (<anonymous>)
    at C:\Projects\Bizstash\sync\DataProcessor.js:346:28
    at Array.forEach (<anonymous>)
    at DataProcessor._analyzeVouchers (C:\Projects\Bizstash\sync\DataProcessor.js:251:18)
    at DataProcessor._parseVouchers (C:\Projects\Bizstash\sync\DataProcessor.js:223:25)
    at async DataProcessor.process (C:\Projects\Bizstash\sync\DataProcessor.js:29:26)
    at async SyncEngine.run (C:\Projects\Bizstash\sync\SyncEngine.js:31:13)
    at async main (C:\Projects\Bizstash\sync\index.js:27:21)
[2026-02-10 21:06:17] [SUCCESS] Data saved to C:\Projects\Bizstash\dashboard\public\data\SBEM_Malkangiri\data.json
[2026-02-10 21:06:17] [SUCCESS] Data Processing Complete.

=== SYNC COMPLETE ✅ ===

=== BIZSTASH SYNC ENGINE 5.0 ===
[2026-02-10 21:06:57] [INFO] Data Directory: C:\Projects\Bizstash\tally_data\xml\SBEM_Malkangiri

=== PRE-SYNC DASHBOARD ===
[2026-02-10 21:07:00] [INFO] Fetching Masters (Groups & Ledgers)...
[2026-02-10 21:07:01] [SUCCESS] Fetched Masters successfully.
[2026-02-10 21:07:01] [INFO] Fetching Profit & Loss Report...
[2026-02-10 21:07:01] [SUCCESS] Fetched Profit & Loss successfully.

=== PHASE 1: FETCH DATA ===
[2026-02-10 21:07:01] [INFO] Force Fetching all vouchers to capture any modifications...
[2026-02-10 21:07:01] [INFO] Fetching ALL vouchers from Tally (single request)...
[2026-02-10 21:07:08] [SUCCESS] Fetched 30.7 MB in 7.1s → vouchers.xml

=== PHASE 2: PROCESS ===
[2026-02-10 21:07:08] [INFO] Processing data for SBEM_Malkangiri...
[2026-02-10 21:07:08] [INFO] Parsed 700 Ledgers, 39 Groups.
[2026-02-10 21:07:08] [INFO] Parsing vouchers.xml...
[2026-02-10 21:07:08] [INFO] Loaded 30.7 MB. Parsing XML...
[2026-02-10 21:07:12] [INFO] Parsed 3,969 vouchers in 3.4s.
[2026-02-10 21:07:12] [ERROR] Failed to parse vouchers.xml
[stacktrace] TypeError: Cannot read properties of undefined (reading 'push')
    at C:\Projects\Bizstash\sync\DataProcessor.js:352:41
    at Array.forEach (<anonymous>)
    at C:\Projects\Bizstash\sync\DataProcessor.js:346:28
    at Array.forEach (<anonymous>)
    at DataProcessor._analyzeVouchers (C:\Projects\Bizstash\sync\DataProcessor.js:251:18)
    at DataProcessor._parseVouchers (C:\Projects\Bizstash\sync\DataProcessor.js:223:25)
    at async DataProcessor.process (C:\Projects\Bizstash\sync\DataProcessor.js:29:26)
    at async SyncEngine.run (C:\Projects\Bizstash\sync\SyncEngine.js:31:13)
    at async main (C:\Projects\Bizstash\sync\index.js:27:21)
[2026-02-10 21:07:12] [SUCCESS] Data saved to C:\Projects\Bizstash\dashboard\public\data\SBEM_Malkangiri\data.json
[2026-02-10 21:07:12] [SUCCESS] Data Processing Complete.

=== SYNC COMPLETE ✅ ===

=== BIZSTASH SYNC ENGINE 5.0 ===
[2026-02-10 21:07:17] [INFO] Data Directory: C:\Projects\Bizstash\tally_data\xml\SBEM_Malkangiri

=== PRE-SYNC DASHBOARD ===
[2026-02-10 21:07:20] [INFO] Fetching Masters (Groups & Ledgers)...
[2026-02-10 21:07:21] [SUCCESS] Fetched Masters successfully.
[2026-02-10 21:07:21] [INFO] Fetching Profit & Loss Report...
[2026-02-10 21:07:21] [SUCCESS] Fetched Profit & Loss successfully.

=== PHASE 1: FETCH DATA ===
[2026-02-10 21:07:21] [INFO] Force Fetching all vouchers to capture any modifications...
[2026-02-10 21:07:21] [INFO] Fetching ALL vouchers from Tally (single request)...
[2026-02-10 21:07:29] [SUCCESS] Fetched 30.7 MB in 7.3s → vouchers.xml

=== PHASE 2: PROCESS ===
[2026-02-10 21:07:29] [INFO] Processing data for SBEM_Malkangiri...
[2026-02-10 21:07:29] [INFO] Parsed 700 Ledgers, 39 Groups.
[2026-02-10 21:07:29] [INFO] Parsing vouchers.xml...
[2026-02-10 21:07:29] [INFO] Loaded 30.7 MB. Parsing XML...
[2026-02-10 21:07:32] [INFO] Parsed 3,969 vouchers in 3.2s.
[2026-02-10 21:07:32] [INFO] DEBUG: Voucher keys: $, DATE, GUID, REQUESTORRULE, VOUCHERTYPENAME, PARTYLEDGERNAME, VOUCHERNUMBER, REFERENCE, SERIALMASTER, ARESERIALMASTER, NUMBERINGSTYLE, PERSISTEDVIEW, ISDELETED, ASORIGINAL, ISDEEMEDPOSITIVE, EFFECTIVEDATE, ISINVOICE, ASPAYSLIP, ISDELETEDVCHRETAINED, ISNEGISPOSSET, MASTERID, VOUCHERKEY, VOUCHERRETAINKEY, REUSEHOLEID, AMOUNT, VOUCHERNUMBERSERIES, ALLLEDGERENTRIES.LIST
[2026-02-10 21:07:32] [ERROR] Failed to parse vouchers.xml
[stacktrace] TypeError: Cannot read properties of undefined (reading 'push')
    at C:\Projects\Bizstash\sync\DataProcessor.js:353:41
    at Array.forEach (<anonymous>)
    at C:\Projects\Bizstash\sync\DataProcessor.js:347:28
    at Array.forEach (<anonymous>)
    at DataProcessor._analyzeVouchers (C:\Projects\Bizstash\sync\DataProcessor.js:251:18)
    at DataProcessor._parseVouchers (C:\Projects\Bizstash\sync\DataProcessor.js:223:25)
    at async DataProcessor.process (C:\Projects\Bizstash\sync\DataProcessor.js:29:26)
    at async SyncEngine.run (C:\Projects\Bizstash\sync\SyncEngine.js:31:13)
    at async main (C:\Projects\Bizstash\sync\index.js:27:21)
[2026-02-10 21:07:32] [SUCCESS] Data saved to C:\Projects\Bizstash\dashboard\public\data\SBEM_Malkangiri\data.json
[2026-02-10 21:07:32] [SUCCESS] Data Processing Complete.

=== SYNC COMPLETE ✅ ===

=== BIZSTASH SYNC ENGINE 5.0 ===
[2026-02-10 21:08:58] [INFO] Data Directory: C:\Projects\Bizstash\tally_data\xml\SBEM_Malkangiri

=== PRE-SYNC DASHBOARD ===
[2026-02-10 21:09:01] [INFO] Fetching Masters (Groups & Ledgers)...
[2026-02-10 21:09:02] [SUCCESS] Fetched Masters successfully.
[2026-02-10 21:09:02] [INFO] Fetching Profit & Loss Report...
[2026-02-10 21:09:03] [SUCCESS] Fetched Profit & Loss successfully.

=== PHASE 1: FETCH DATA ===
[2026-02-10 21:09:03] [INFO] Force Fetching all vouchers to capture any modifications...
[2026-02-10 21:09:03] [INFO] Fetching ALL vouchers from Tally (single request)...
[2026-02-10 21:09:11] [SUCCESS] Fetched 30.7 MB in 8.1s → vouchers.xml

=== PHASE 2: PROCESS ===
[2026-02-10 21:09:11] [INFO] Processing data for SBEM_Malkangiri...
[2026-02-10 21:09:11] [INFO] Parsed 700 Ledgers, 39 Groups.
[2026-02-10 21:09:11] [INFO] Parsing vouchers.xml...
[2026-02-10 21:09:11] [INFO] Loaded 30.7 MB. Parsing XML...
[2026-02-10 21:09:13] [INFO] Parsed 3,969 vouchers in 1.6s.
[2026-02-10 21:09:13] [INFO] DEBUG: Voucher keys: $, DATE, GUID, REQUESTORRULE, VOUCHERTYPENAME, PARTYLEDGERNAME, VOUCHERNUMBER, REFERENCE, SERIALMASTER, ARESERIALMASTER, NUMBERINGSTYLE, PERSISTEDVIEW, ISDELETED, ASORIGINAL, ISDEEMEDPOSITIVE, EFFECTIVEDATE, ISINVOICE, ASPAYSLIP, ISDELETEDVCHRETAINED, ISNEGISPOSSET, MASTERID, VOUCHERKEY, VOUCHERRETAINKEY, REUSEHOLEID, AMOUNT, VOUCHERNUMBERSERIES, ALLLEDGERENTRIES.LIST
[2026-02-10 21:09:13] [INFO] Analysis: 3969 transactions, 519 debtors, 36 creditors, 709 stock items.
[2026-02-10 21:09:13] [INFO] P&L Groups Found: Sundry Debtors, Cash-in-Hand, Indirect Expenses, Bank Accounts, Current Liabilities, Bank OD A/c, Sundry Creditors, Duties & Taxes, Purchase Accounts, Sales Accounts, Indirect Incomes, Capital Account
[2026-02-10 21:09:13] [SUCCESS] Data saved to C:\Projects\Bizstash\dashboard\public\data\SBEM_Malkangiri\data.json
[2026-02-10 21:09:13] [SUCCESS] Data Processing Complete.

=== SYNC COMPLETE ✅ ===

=== BIZSTASH SYNC ENGINE 5.0 ===
[2026-02-10 21:09:35] [INFO] Data Directory: C:\Projects\Bizstash\tally_data\xml\SBEM_Malkangiri

=== PRE-SYNC DASHBOARD ===
[2026-02-10 21:09:38] [INFO] Fetching Masters (Groups & Ledgers)...
[2026-02-10 21:09:39] [SUCCESS] Fetched Masters successfully.
[2026-02-10 21:09:39] [INFO] Fetching Profit & Loss Report...
[2026-02-10 21:09:40] [SUCCESS] Fetched Profit & Loss successfully.

=== PHASE 1: FETCH DATA ===
[2026-02-10 21:09:40] [INFO] Force Fetching all vouchers to capture any modifications...
[2026-02-10 21:09:40] [INFO] Fetching ALL vouchers from Tally (single request)...
[2026-02-10 21:09:47] [SUCCESS] Fetched 30.7 MB in 7.4s → vouchers.xml

=== PHASE 2: PROCESS ===
[2026-02-10 21:09:47] [INFO] Processing data for SBEM_Malkangiri...
[2026-02-10 21:09:47] [INFO] Parsed 700 Ledgers, 39 Groups.
[2026-02-10 21:09:47] [INFO] Parsing vouchers.xml...
[2026-02-10 21:09:47] [INFO] Loaded 30.7 MB. Parsing XML...
[2026-02-10 21:09:49] [INFO] Parsed 3,969 vouchers in 1.8s.
[2026-02-10 21:09:49] [INFO] DEBUG: Voucher keys: $, DATE, GUID, REQUESTORRULE, VOUCHERTYPENAME, PARTYLEDGERNAME, VOUCHERNUMBER, REFERENCE, SERIALMASTER, ARESERIALMASTER, NUMBERINGSTYLE, PERSISTEDVIEW, ISDELETED, ASORIGINAL, ISDEEMEDPOSITIVE, EFFECTIVEDATE, ISINVOICE, ASPAYSLIP, ISDELETEDVCHRETAINED, ISNEGISPOSSET, MASTERID, VOUCHERKEY, VOUCHERRETAINKEY, REUSEHOLEID, AMOUNT, VOUCHERNUMBERSERIES, ALLLEDGERENTRIES.LIST
[2026-02-10 21:09:49] [ERROR] Failed to parse vouchers.xml
[stacktrace] ReferenceError: amount is not defined
    at C:\Projects\Bizstash\sync\DataProcessor.js:352:80
    at Array.forEach (<anonymous>)
    at C:\Projects\Bizstash\sync\DataProcessor.js:348:28
    at Array.forEach (<anonymous>)
    at DataProcessor._analyzeVouchers (C:\Projects\Bizstash\sync\DataProcessor.js:251:18)
    at DataProcessor._parseVouchers (C:\Projects\Bizstash\sync\DataProcessor.js:223:25)
    at async DataProcessor.process (C:\Projects\Bizstash\sync\DataProcessor.js:29:26)
    at async SyncEngine.run (C:\Projects\Bizstash\sync\SyncEngine.js:31:13)
    at async main (C:\Projects\Bizstash\sync\index.js:27:21)
[2026-02-10 21:09:49] [SUCCESS] Data saved to C:\Projects\Bizstash\dashboard\public\data\SBEM_Malkangiri\data.json
[2026-02-10 21:09:49] [SUCCESS] Data Processing Complete.

=== SYNC COMPLETE ✅ ===

=== BIZSTASH SYNC ENGINE 5.0 ===
[2026-02-10 21:09:55] [INFO] Data Directory: C:\Projects\Bizstash\tally_data\xml\SBEM_Malkangiri

=== PRE-SYNC DASHBOARD ===
[2026-02-10 21:09:58] [INFO] Fetching Masters (Groups & Ledgers)...
[2026-02-10 21:09:59] [SUCCESS] Fetched Masters successfully.
[2026-02-10 21:09:59] [INFO] Fetching Profit & Loss Report...
[2026-02-10 21:10:00] [SUCCESS] Fetched Profit & Loss successfully.

=== PHASE 1: FETCH DATA ===
[2026-02-10 21:10:00] [INFO] Force Fetching all vouchers to capture any modifications...
[2026-02-10 21:10:00] [INFO] Fetching ALL vouchers from Tally (single request)...
[2026-02-10 21:10:08] [SUCCESS] Fetched 30.7 MB in 8.4s → vouchers.xml

=== PHASE 2: PROCESS ===
[2026-02-10 21:10:08] [INFO] Processing data for SBEM_Malkangiri...
[2026-02-10 21:10:08] [INFO] Parsed 700 Ledgers, 39 Groups.
[2026-02-10 21:10:08] [INFO] Parsing vouchers.xml...
[2026-02-10 21:10:08] [INFO] Loaded 30.7 MB. Parsing XML...
[2026-02-10 21:10:10] [INFO] Parsed 3,969 vouchers in 1.8s.
[2026-02-10 21:10:10] [INFO] DEBUG: Voucher keys: $, DATE, GUID, REQUESTORRULE, VOUCHERTYPENAME, PARTYLEDGERNAME, VOUCHERNUMBER, REFERENCE, SERIALMASTER, ARESERIALMASTER, NUMBERINGSTYLE, PERSISTEDVIEW, ISDELETED, ASORIGINAL, ISDEEMEDPOSITIVE, EFFECTIVEDATE, ISINVOICE, ASPAYSLIP, ISDELETEDVCHRETAINED, ISNEGISPOSSET, MASTERID, VOUCHERKEY, VOUCHERRETAINKEY, REUSEHOLEID, AMOUNT, VOUCHERNUMBERSERIES, ALLLEDGERENTRIES.LIST
[2026-02-10 21:10:10] [ERROR] Failed to parse vouchers.xml
[stacktrace] ReferenceError: amount is not defined
    at C:\Projects\Bizstash\sync\DataProcessor.js:352:80
    at Array.forEach (<anonymous>)
    at C:\Projects\Bizstash\sync\DataProcessor.js:348:28
    at Array.forEach (<anonymous>)
    at DataProcessor._analyzeVouchers (C:\Projects\Bizstash\sync\DataProcessor.js:251:18)
    at DataProcessor._parseVouchers (C:\Projects\Bizstash\sync\DataProcessor.js:223:25)
    at async DataProcessor.process (C:\Projects\Bizstash\sync\DataProcessor.js:29:26)
    at async SyncEngine.run (C:\Projects\Bizstash\sync\SyncEngine.js:31:13)
    at async main (C:\Projects\Bizstash\sync\index.js:27:21)
[2026-02-10 21:10:10] [SUCCESS] Data saved to C:\Projects\Bizstash\dashboard\public\data\SBEM_Malkangiri\data.json
[2026-02-10 21:10:10] [SUCCESS] Data Processing Complete.

=== SYNC COMPLETE ✅ ===

=== BIZSTASH SYNC ENGINE 5.0 ===
[2026-02-10 21:13:52] [INFO] Data Directory: C:\Projects\Bizstash\tally_data\xml\SBEM_Malkangiri

=== PRE-SYNC DASHBOARD ===
[2026-02-10 21:13:53] [INFO] Fetching Masters (Groups & Ledgers)...
[2026-02-10 21:13:54] [SUCCESS] Fetched Masters successfully.
[2026-02-10 21:13:54] [INFO] Fetching Profit & Loss Report...
[2026-02-10 21:13:55] [SUCCESS] Fetched Profit & Loss successfully.

=== PHASE 1: FETCH DATA ===
[2026-02-10 21:13:55] [INFO] Force Fetching all vouchers to capture any modifications...
[2026-02-10 21:13:55] [INFO] Fetching ALL vouchers from Tally (single request)...
[2026-02-10 21:13:55] [SUCCESS] Fetched 1.3 MB in 0.8s → vouchers.xml

=== PHASE 2: PROCESS ===
[2026-02-10 21:13:55] [INFO] Processing data for SBEM_Malkangiri...
[2026-02-10 21:13:55] [INFO] Parsed 46 Ledgers, 29 Groups.
[2026-02-10 21:13:55] [INFO] Parsing vouchers.xml...
[2026-02-10 21:13:55] [INFO] Loaded 1.3 MB. Parsing XML...
[2026-02-10 21:13:55] [INFO] Parsed 172 vouchers in 0.1s.
[2026-02-10 21:13:55] [INFO] DEBUG: Voucher keys: $, DATE, GUID, REQUESTORRULE, VOUCHERTYPENAME, PARTYLEDGERNAME, VOUCHERNUMBER, REFERENCE, SERIALMASTER, ARESERIALMASTER, NUMBERINGSTYLE, PERSISTEDVIEW, ISDELETED, ASORIGINAL, ISDEEMEDPOSITIVE, ISINVOICE, ASPAYSLIP, ISDELETEDVCHRETAINED, ISNEGISPOSSET, MASTERID, VOUCHERKEY, VOUCHERRETAINKEY, REUSEHOLEID, AMOUNT, VOUCHERNUMBERSERIES, ALLINVENTORYENTRIES.LIST, LEDGERENTRIES.LIST
[2026-02-10 21:13:55] [ERROR] Failed to parse vouchers.xml
[stacktrace] ReferenceError: amount is not defined
    at C:\Projects\Bizstash\sync\DataProcessor.js:352:80
    at Array.forEach (<anonymous>)
    at C:\Projects\Bizstash\sync\DataProcessor.js:348:28
    at Array.forEach (<anonymous>)
    at DataProcessor._analyzeVouchers (C:\Projects\Bizstash\sync\DataProcessor.js:251:18)
    at DataProcessor._parseVouchers (C:\Projects\Bizstash\sync\DataProcessor.js:223:25)
    at async DataProcessor.process (C:\Projects\Bizstash\sync\DataProcessor.js:29:26)
    at async SyncEngine.run (C:\Projects\Bizstash\sync\SyncEngine.js:31:13)
    at async main (C:\Projects\Bizstash\sync\index.js:27:21)
[2026-02-10 21:13:55] [SUCCESS] Data saved to C:\Projects\Bizstash\dashboard\public\data\SBEM_Malkangiri\data.json
[2026-02-10 21:13:55] [SUCCESS] Data Processing Complete.

=== SYNC COMPLETE ✅ ===
